Loading ground truth labels...
  ThreatFox: 4108 labelled indicators, OTX: 17259 (12762 excluding outlier pulse '6a0d971608b49dfc89267777', 4497 members)
Clustering (BFS)...
  1396 clusters in 42.5s
Building fingerprints...
Clustering (Jaccard v1 baseline)...
Building GROUP BY baselines...
Filtering BFS rows by confidence threshold...
Computing commodity-only FP rates...

Evaluating against threatfox ground truth...
  random_baseline                  n= 1396  ARI=0.0000  P=0.1481  R=0.0006
  group_by_asn                     n=  256  ARI=0.0530  P=0.3480  R=0.0499
  group_by_resolved_ip             n=  579  ARI=0.0062  P=0.9982  R=0.0036
  group_by_hosting_provider        n=  245  ARI=0.0530  P=0.3479  R=0.0499
  jaccard_v1                       n= 1274  ARI=0.0432  P=0.9842  R=0.0258
  bfs_unweighted_all_clusters      n= 1396  ARI=0.0827  P=0.5687  R=0.0596
  bfs_unweighted_reported_only     n=  711  ARI=0.0716  P=0.5375  R=0.0523
  bfs_weighted_reported_only       n=  367  ARI=0.0712  P=0.5364  R=0.0521

Evaluating against otx_with_outlier ground truth...
  random_baseline                  n= 1396  ARI=-0.0002  P=0.0627  R=0.0005
  group_by_asn                     n=  256  ARI=0.0633  P=0.3174  R=0.0462
  group_by_resolved_ip             n=  579  ARI=0.0024  P=0.8667  R=0.0013
  group_by_hosting_provider        n=  245  ARI=0.0644  P=0.3188  R=0.0469
  jaccard_v1                       n= 1274  ARI=0.0098  P=0.5433  R=0.0057
  bfs_unweighted_all_clusters      n= 1396  ARI=0.0706  P=0.3424  R=0.0505
  bfs_unweighted_reported_only     n=  711  ARI=0.0703  P=0.3447  R=0.0501
  bfs_weighted_reported_only       n=  367  ARI=0.0698  P=0.3440  R=0.0497

Evaluating against otx_without_outlier ground truth...
  random_baseline                  n= 1396  ARI=-0.0000  P=0.0088  R=0.0006
  group_by_asn                     n=  256  ARI=0.0559  P=0.0710  R=0.0572
  group_by_resolved_ip             n=  579  ARI=0.0330  P=0.9243  R=0.0169
  group_by_hosting_provider        n=  245  ARI=0.0583  P=0.0733  R=0.0597
  jaccard_v1                       n= 1274  ARI=0.0538  P=0.3683  R=0.0298
  bfs_unweighted_all_clusters      n= 1396  ARI=0.0632  P=0.0837  R=0.0605
  bfs_unweighted_reported_only     n=  711  ARI=0.0587  P=0.0800  R=0.0556
  bfs_weighted_reported_only       n=  367  ARI=0.0547  P=0.0755  R=0.0520

Commodity-only FP rate (all 1396 BFS clusters): 0.0208
Commodity-only FP rate (unweighted, reported/confidence>=40, n=711): 0.0394
Commodity-only FP rate (weighted, reported/confidence>=40, n=367): 0.0027

Wrote /home/itzhrixhi/Documents/CyberProjects/aletheia/evaluation_runs/item7_eval_20260723T093949Z.json
Total runtime: 195.5s
