OTX labels: with_outlier=17199  without_outlier=12705  outlier_pulse=6a0d971608b49dfc89267777 (n=4497)
clustering+fingerprints done in 73.8s (1334 BFS clusters)
confidence-filtering done in 73.9s

=== OTX with outlier (n=17199, scoped=8900, 51.7%) ===
method                           n  ARI_full  ARI_scop   P_full   R_full   R_scop
random_baseline               1334    0.0000   -0.0000   0.0734   0.0007   0.0007
group_by_asn                   275    0.0729    0.0218   0.3122   0.0547   0.0599
group_by_resolved_ip           549    0.0025    0.0021   0.8570   0.0014   0.0015
group_by_hosting_provider      260    0.0741    0.0225   0.3136   0.0556   0.0608
jaccard_v1                    1189    0.0084    0.0055   0.5057   0.0050   0.0054
bfs_unweighted                 673    0.0849    0.0390   0.3684   0.0604   0.0660
bfs_weighted                   333    0.0843    0.0386   0.3679   0.0599   0.0655

=== OTX without outlier (n=12705, scoped=4492, 35.4%) ===
method                           n  ARI_full  ARI_scop   P_full   R_full   R_scop
random_baseline               1334    0.0000   -0.0001   0.0091   0.0007   0.0007
group_by_asn                   275    0.0458    0.0623   0.0566   0.0515   0.2050
group_by_resolved_ip           549    0.0333    0.1248   0.9206   0.0171   0.0682
group_by_hosting_provider      260    0.0461    0.0627   0.0568   0.0520   0.2073
jaccard_v1                    1189    0.0378    0.1223   0.2917   0.0208   0.0831
bfs_unweighted                 673    0.0601    0.0963   0.0819   0.0566   0.2255
bfs_weighted                   333    0.0549    0.0874   0.0762   0.0520   0.2071

total runtime: 74.4s
