n_clusters=1334  big_cluster_size=1849  (23.5s)
distinct attrs touched by the 1849-member cluster: 1025  (39.7s)
global degree computed for all 1025 attrs  (41.6s)

=== Spine 2, measured: 1,849-cluster's shared features, in-cluster count vs. global degree ===
type           value                                         in-cluster  global degree
ASN            AS13335                                             1849           6083
HostingProvider Cloudflare, Inc.                                    1808           5930
Registrar      GoDaddy.com, LLC                                     196           2739
Nameserver     harlee.ns.cloudflare.com                             161            483
Nameserver     tosana.ns.cloudflare.com                             160            481
Registrar      Gname.com Pte. Ltd.                                  135            712
Registrar      PDR Ltd. d/b/a PublicDomainRegistry.com              135            881
Registrar      Global Domain Group LLC                              125            505
Nameserver     galilea.ns.cloudflare.com                            123            379
Nameserver     moura.ns.cloudflare.com                              121            367
Registrar      Unstoppable Domains Inc.                              99            327
Nameserver     nia.ns.cloudflare.com                                 69            212
Nameserver     quincy.ns.cloudflare.com                              66            202
Registrar      Gransy, s.r.o.                                        64            281
Registrar      CNOBIN INFORMATION TECHNOLOGY LIMITED                 59            211
Nameserver     kiki.ns.cloudflare.com                                56            173
Nameserver     kellen.ns.cloudflare.com                              55            169
Registrar      NICENIC INTERNATIONAL GROUP CO., LIMITED              43            313
Registrar      Web Commerce Communications Limited dba WebNic.cc         42            261
Registrar      NameSilo, LLC                                         37            522

Spot-check against the §8/CONTEXT.md illustration:
  harlee.ns.cloudflare.com  in-cluster=161 (expect ~160)  global_degree=483
  tosana.ns.cloudflare.com  in-cluster=160 (expect ~160)  global_degree=481
  AS13335                  in-cluster=1849 (expect 1,849)  global_degree=6083
  Cloudflare, Inc.          in-cluster=1808 (expect ~1,808)  global_degree=5930

=== Spine 2, population statistic: 1334 clusters ===
clusters a type-level check classifies as "has additional non-org evidence": 670/1334 (50.2%)
  threshold > 100:
    additional evidence supplied ONLY by high-degree features: 18/670 (2.7% of that bucket, 1.3% of all 1334 clusters)
    additional evidence includes AT LEAST ONE high-degree feature: 205/670 (30.6% of that bucket, 15.4% of all 1334 clusters)
  threshold > 500:
    additional evidence supplied ONLY by high-degree features: 5/670 (0.7% of that bucket, 0.4% of all 1334 clusters)
    additional evidence includes AT LEAST ONE high-degree feature: 64/670 (9.6% of that bucket, 4.8% of all 1334 clusters)

total runtime: 41.9s
